[    0.000000] Linux version 4.15.0-122-generic (buildd@lgw01-amd64-036) (gcc version 7.5.0 (Ubuntu 7.5.0-3ubuntu1~18.04)) #124-Ubuntu SMP Thu Oct 15 13:03:05 UTC 2020 (Ubuntu 4.15.0-122.124-generic 4.15.18)
[    0.000000] Command line: BOOT_IMAGE=/boot/vmlinuz-4.15.0-122-generic root=LABEL=cloudimg-rootfs ro console=tty1 console=ttyS0
[    0.000000] KERNEL supported cpus:
[    0.000000]   Intel GenuineIntel
[    0.000000]   AMD AuthenticAMD
[    0.000000]   Centaur CentaurHauls
[    0.000000] x86/fpu: Supporting XSAVE feature 0x001: 'x87 floating point registers'
[    0.000000] x86/fpu: Supporting XSAVE feature 0x002: 'SSE registers'
[    0.000000] x86/fpu: Supporting XSAVE feature 0x004: 'AVX register'
[    0.000000] x86/fpu: xstate_offset[2]:  576, xstate_sizes[2]:  256
[    0.000000] x86/fpu: Enabled xstate features 0x7, context size is 832 bytes, using 'standard' format.
[    0.000000] e820: BIOS-provided physical RAM map:
[    0.000000] BIOS-e820: [mem 0x0000000000000000-0x000000000009fbff] usable
[    0.000000] BIOS-e820: [mem 0x000000000009fc00-0x000000000009ffff] reserved
[    0.000000] BIOS-e820: [mem 0x00000000000f0000-0x00000000000fffff] reserved
[    0.000000] BIOS-e820: [mem 0x0000000000100000-0x00000000bffeffff] usable
[    0.000000] BIOS-e820: [mem 0x00000000bfff0000-0x00000000bfffffff] ACPI data
[    0.000000] BIOS-e820: [mem 0x00000000fec00000-0x00000000fec00fff] reserved
[    0.000000] BIOS-e820: [mem 0x00000000fee00000-0x00000000fee00fff] reserved
[    0.000000] BIOS-e820: [mem 0x00000000fffc0000-0x00000000ffffffff] reserved
[    0.000000] NX (Execute Disable) protection: active
[    0.000000] SMBIOS 2.5 present.
[    0.000000] DMI: innotek GmbH VirtualBox/VirtualBox, BIOS VirtualBox 12/01/2006
[    0.000000] Hypervisor detected: KVM
[    0.000000] e820: last_pfn = 0xbfff0 max_arch_pfn = 0x400000000
[    0.000000] MTRR: Disabled
[    0.000000] x86/PAT: MTRRs disabled, skipping PAT initialization too.
[    0.000000] CPU MTRRs all blank - virtualized system.
[    0.000000] x86/PAT: Configuration [0-7]: WB  WT  UC- UC  WB  WT  UC- UC  
[    0.000000] found SMP MP-table at [mem 0x0009fff0-0x0009ffff]
[    0.000000] Scanning 1 areas for low memory corruption
[    0.000000] RAMDISK: [mem 0x35a67000-0x36d2afff]
[    0.000000] ACPI: Early table checksum verification disabled
[    0.000000] ACPI: RSDP 0x00000000000E0000 000024 (v02 VBOX  )
[    0.000000] ACPI: XSDT 0x00000000BFFF0030 00003C (v01 VBOX   VBOXXSDT 00000001 ASL  00000061)
[    0.000000] ACPI: FACP 0x00000000BFFF00F0 0000F4 (v04 VBOX   VBOXFACP 00000001 ASL  00000061)
[    0.000000] ACPI: DSDT 0x00000000BFFF0470 0021FF (v02 VBOX   VBOXBIOS 00000002 INTL 20180105)
[    0.000000] ACPI: FACS 0x00000000BFFF0200 000040
[    0.000000] ACPI: FACS 0x00000000BFFF0200 000040
[    0.000000] ACPI: APIC 0x00000000BFFF0240 00005C (v02 VBOX   VBOXAPIC 00000001 ASL  00000061)
[    0.000000] ACPI: SSDT 0x00000000BFFF02A0 0001CC (v01 VBOX   VBOXCPUT 00000002 INTL 20180105)
[    0.000000] No NUMA configuration found
[    0.000000] Faking a node at [mem 0x0000000000000000-0x00000000bffeffff]
[    0.000000] NODE_DATA(0) allocated [mem 0xbffc5000-0xbffeffff]
[    0.000000] kvm-clock: cpu 0, msr 0:bff44001, primary cpu clock
[    0.000000] kvm-clock: Using msrs 4b564d01 and 4b564d00
[    0.000000] kvm-clock: using sched offset of 3529973959 cycles
[    0.000000] clocksource: kvm-clock: mask: 0xffffffffffffffff max_cycles: 0x1cd42e4dffb, max_idle_ns: 881590591483 ns
[    0.000000] Zone ranges:
[    0.000000]   DMA      [mem 0x0000000000001000-0x0000000000ffffff]
[    0.000000]   DMA32    [mem 0x0000000001000000-0x00000000bffeffff]
[    0.000000]   Normal   empty
[    0.000000]   Device   empty
[    0.000000] Movable zone start for each node
[    0.000000] Early memory node ranges
[    0.000000]   node   0: [mem 0x0000000000001000-0x000000000009efff]
[    0.000000]   node   0: [mem 0x0000000000100000-0x00000000bffeffff]
[    0.000000] Reserved but unavailable: 98 pages
[    0.000000] Initmem setup node 0 [mem 0x0000000000001000-0x00000000bffeffff]
[    0.000000] ACPI: PM-Timer IO Port: 0x4008
[    0.000000] IOAPIC[0]: apic_id 2, version 32, address 0xfec00000, GSI 0-23
[    0.000000] ACPI: INT_SRC_OVR (bus 0 bus_irq 0 global_irq 2 dfl dfl)
[    0.000000] ACPI: INT_SRC_OVR (bus 0 bus_irq 9 global_irq 9 low level)
[    0.000000] Using ACPI (MADT) for SMP configuration information
[    0.000000] smpboot: Allowing 2 CPUs, 0 hotplug CPUs
[    0.000000] PM: Registered nosave memory: [mem 0x00000000-0x00000fff]
[    0.000000] PM: Registered nosave memory: [mem 0x0009f000-0x0009ffff]
[    0.000000] PM: Registered nosave memory: [mem 0x000a0000-0x000effff]
[    0.000000] PM: Registered nosave memory: [mem 0x000f0000-0x000fffff]
[    0.000000] e820: [mem 0xc0000000-0xfebfffff] available for PCI devices
[    0.000000] Booting paravirtualized kernel on KVM
[    0.000000] clocksource: refined-jiffies: mask: 0xffffffff max_cycles: 0xffffffff, max_idle_ns: 7645519600211568 ns
[    0.000000] random: get_random_bytes called from start_kernel+0x99/0x500 with crng_init=0
[    0.000000] setup_percpu: NR_CPUS:8192 nr_cpumask_bits:2 nr_cpu_ids:2 nr_node_ids:1
[    0.000000] percpu: Embedded 45 pages/cpu s147456 r8192 d28672 u1048576
[    0.000000] PV qspinlock hash table entries: 256 (order: 0, 4096 bytes)
[    0.000000] Built 1 zonelists, mobility grouping on.  Total pages: 774009
[    0.000000] Policy zone: DMA32
[    0.000000] Kernel command line: BOOT_IMAGE=/boot/vmlinuz-4.15.0-122-generic root=LABEL=cloudimg-rootfs ro console=tty1 console=ttyS0
[    0.000000] Memory: 3047416K/3145272K available (12300K kernel code, 2482K rwdata, 4272K rodata, 2436K init, 2724K bss, 97856K reserved, 0K cma-reserved)
[    0.000000] SLUB: HWalign=64, Order=0-3, MinObjects=0, CPUs=2, Nodes=1
[    0.000000] Kernel/User page tables isolation: enabled
[    0.000000] ftrace: allocating 39402 entries in 154 pages
[    0.004000] Hierarchical RCU implementation.
[    0.004000] 	RCU restricting CPUs from NR_CPUS=8192 to nr_cpu_ids=2.
[    0.004000] 	Tasks RCU enabled.
[    0.004000] RCU: Adjusting geometry for rcu_fanout_leaf=16, nr_cpu_ids=2
[    0.004000] NR_IRQS: 524544, nr_irqs: 440, preallocated irqs: 16
[    0.004000] Console: colour VGA+ 80x25
[    0.004000] console [tty1] enabled
[    0.004000] console [ttyS0] enabled
[    0.004000] ACPI: Core revision 20170831
[    0.004000] ACPI: 2 ACPI AML tables successfully acquired and loaded
[    0.004000] APIC: Switch to symmetric I/O mode setup
[    0.004000] x2apic enabled
[    0.004000] Switched APIC routing to physical x2apic.
[    0.004000] ..TIMER: vector=0x30 apic1=0 pin1=2 apic2=-1 pin2=-1
[    0.004005] tsc: Detected 2579.262 MHz processor
[    0.008014] Calibrating delay loop (skipped) preset value.. 5158.52 BogoMIPS (lpj=10317048)
[    0.012006] pid_max: default: 32768 minimum: 301
[    0.016040] Security Framework initialized
[    0.016933] Yama: becoming mindful.
[    0.017740] AppArmor: AppArmor initialized
[    0.021532] Dentry cache hash table entries: 524288 (order: 10, 4194304 bytes)
[    0.024731] Inode-cache hash table entries: 262144 (order: 9, 2097152 bytes)
[    0.028031] Mount-cache hash table entries: 8192 (order: 4, 65536 bytes)
[    0.032028] Mountpoint-cache hash table entries: 8192 (order: 4, 65536 bytes)
[    0.033869] Last level iTLB entries: 4KB 64, 2MB 8, 4MB 8
[    0.035024] Last level dTLB entries: 4KB 64, 2MB 0, 4MB 0, 1GB 4
[    0.036007] Spectre V1 : Mitigation: usercopy/swapgs barriers and __user pointer sanitization
[    0.037851] Spectre V2 : Mitigation: Full generic retpoline
[    0.038942] Spectre V2 : Spectre v2 / SpectreRSB mitigation: Filling RSB on context switch
[    0.040003] Speculative Store Bypass: Vulnerable
[    0.040954] SRBDS: Unknown: Dependent on hypervisor status
[    0.042096] MDS: Mitigation: Clear CPU buffers
[    0.044214] Freeing SMP alternatives memory: 36K
[    0.157807] smpboot: CPU0: Intel(R) Core(TM) i7-6500U CPU @ 2.50GHz (family: 0x6, model: 0x4e, stepping: 0x3)
[    0.160093] Performance Events: unsupported p6 CPU model 78 no PMU driver, software events only.
[    0.164039] Hierarchical SRCU implementation.
[    0.165737] NMI watchdog: Perf event create on CPU 0 failed with -2
[    0.168008] NMI watchdog: Perf NMI watchdog permanently disabled
[    0.172112] smp: Bringing up secondary CPUs ...
[    0.177386] x86: Booting SMP configuration:
[    0.180009] .... node  #0, CPUs:      #1
[    0.004000] kvm-clock: cpu 1, msr 0:bff44041, secondary cpu clock
[    0.184046] smp: Brought up 1 node, 2 CPUs
[    0.188012] smpboot: Max logical packages: 1
[    0.188751] smpboot: Total of 2 processors activated (10317.04 BogoMIPS)
[    0.192241] devtmpfs: initialized
[    0.196072] x86/mm: Memory block size: 128MB
[    0.200093] evm: security.selinux
[    0.200901] evm: security.SMACK64
[    0.201629] evm: security.SMACK64EXEC
[    0.202523] evm: security.SMACK64TRANSMUTE
[    0.203518] evm: security.SMACK64MMAP
[    0.204008] evm: security.apparmor
[    0.204846] evm: security.ima
[    0.205520] evm: security.capability
[    0.206378] clocksource: jiffies: mask: 0xffffffff max_cycles: 0xffffffff, max_idle_ns: 7645041785100000 ns
[    0.208010] futex hash table entries: 512 (order: 3, 32768 bytes)
[    0.212097] pinctrl core: initialized pinctrl subsystem
[    0.216132] RTC time:  1:06:16, date: 11/03/20
[    0.217368] NET: Registered protocol family 16
[    0.218455] audit: initializing netlink subsys (disabled)
[    0.220067] audit: type=2000 audit(1604365580.408:1): state=initialized audit_enabled=0 res=1
[    0.221834] cpuidle: using governor ladder
[    0.221834] cpuidle: using governor menu
[    0.224038] ACPI: bus type PCI registered
[    0.224845] acpiphp: ACPI Hot Plug PCI Controller Driver version: 0.5
[    0.226172] PCI: Using configuration type 1 for base access
[    0.229106] HugeTLB registered 2.00 MiB page size, pre-allocated 0 pages
[    0.232095] ACPI: Added _OSI(Module Device)
[    0.236011] ACPI: Added _OSI(Processor Device)
[    0.240010] ACPI: Added _OSI(3.0 _SCP Extensions)
[    0.244008] ACPI: Added _OSI(Processor Aggregator Device)
[    0.248009] ACPI: Added _OSI(Linux-Dell-Video)
[    0.252008] ACPI: Added _OSI(Linux-Lenovo-NV-HDMI-Audio)
[    0.253188] ACPI: Added _OSI(Linux-HPI-Hybrid-Graphics)
[    0.254622] ACPI: Executed 1 blocks of module-level executable AML code
[    0.259185] ACPI: Interpreter enabled
[    0.260015] ACPI: (supports S0 S5)
[    0.260726] ACPI: Using IOAPIC for interrupt routing
[    0.264257] PCI: Using host bridge windows from ACPI; if necessary, use "pci=nocrs" and report a bug
[    0.268227] ACPI: Enabled 2 GPEs in block 00 to 07
[    0.278702] ACPI: PCI Root Bridge [PCI0] (domain 0000 [bus 00-ff])
[    0.280019] acpi PNP0A03:00: _OSC: OS supports [ASPM ClockPM Segments MSI]
[    0.281362] acpi PNP0A03:00: _OSC: not requesting OS control; OS requires [ExtendedConfig ASPM ClockPM MSI]
[    0.284013] acpi PNP0A03:00: fail to add MMCONFIG information, can't access extended PCI configuration space under this bridge.
[    0.288370] PCI host bridge to bus 0000:00
[    0.289500] pci_bus 0000:00: root bus resource [io  0x0000-0x0cf7 window]
[    0.292006] pci_bus 0000:00: root bus resource [io  0x0d00-0xffff window]
[    0.296010] pci_bus 0000:00: root bus resource [mem 0x000a0000-0x000bffff window]
[    0.300012] pci_bus 0000:00: root bus resource [mem 0xc0000000-0xfdffffff window]
[    0.304009] pci_bus 0000:00: root bus resource [bus 00-ff]
[    0.309696] pci 0000:00:01.1: legacy IDE quirk: reg 0x10: [io  0x01f0-0x01f7]
[    0.310811] pci 0000:00:01.1: legacy IDE quirk: reg 0x14: [io  0x03f6]
[    0.312002] pci 0000:00:01.1: legacy IDE quirk: reg 0x18: [io  0x0170-0x0177]
[    0.316003] pci 0000:00:01.1: legacy IDE quirk: reg 0x1c: [io  0x0376]
[    0.371225] pci 0000:00:07.0: quirk: [io  0x4000-0x403f] claimed by PIIX4 ACPI
[    0.372029] pci 0000:00:07.0: quirk: [io  0x4100-0x410f] claimed by PIIX4 SMB
[    0.396735] ACPI: PCI Interrupt Link [LNKA] (IRQs 5 9 10 *11)
[    0.400000] ACPI: PCI Interrupt Link [LNKB] (IRQs 5 9 *10 11)
[    0.400130] ACPI: PCI Interrupt Link [LNKC] (IRQs 5 *9 10 11)
[    0.404146] ACPI: PCI Interrupt Link [LNKD] (IRQs 5 9 10 *11)
[    0.408607] SCSI subsystem initialized
[    0.412079] pci 0000:00:02.0: vgaarb: setting as boot VGA device
[    0.413454] pci 0000:00:02.0: vgaarb: VGA device added: decodes=io+mem,owns=io+mem,locks=none
[    0.416012] pci 0000:00:02.0: vgaarb: bridge control possible
[    0.417323] vgaarb: loaded
[    0.418043] ACPI: bus type USB registered
[    0.419039] usbcore: registered new interface driver usbfs
[    0.420021] usbcore: registered new interface driver hub
[    0.421170] usbcore: registered new device driver usb
[    0.424072] EDAC MC: Ver: 3.0.0
[    0.424954] PCI: Using ACPI for IRQ routing
[    0.428388] NetLabel: Initializing
[    0.432045] NetLabel:  domain hash size = 128
[    0.436006] NetLabel:  protocols = UNLABELED CIPSOv4 CALIPSO
[    0.437252] NetLabel:  unlabeled traffic allowed by default
[    0.440142] clocksource: Switched to clocksource kvm-clock
[    0.454463] VFS: Disk quotas dquot_6.6.0
[    0.455347] VFS: Dquot-cache hash table entries: 512 (order 0, 4096 bytes)
[    0.456751] AppArmor: AppArmor Filesystem Enabled
[    0.457803] pnp: P ACPI init
[    0.506203] pnp: PnP ACPI: found 3 devices

[    0.516391] clocksource: acpi_pm: mask: 0xffffff max_cycles: 0xffffff, max_idle_ns: 2085701024 ns
[  01843 NET: Registered protocol family 2

[    0.668198] TCP established hash table entries: 32768 (order: 6, 262144 bytes)
[    0.675285] TCP bind hash table entries: 32768 (order: 7, 524288 bytes)
[    0.676748] TCP: Hash tables configured (established 368in 32768)
[  0.708]UDhash table entries: 2048 (order: 4, 65536 bytes)
[    0.989908] UDP-Lite hash table entries: 2048 (order: 4, 65536 bytes)
[   0.991481] NET: Registeredprotcol family 1
[    1.070181] pci 0000:00:00.0: Limiting direct PCI/PCI transfers
[    1.071405] pci 0000:00:01.0: Activating ISA DMA hang workarounds
[  1.072791] pci 0000:00:02.0: Video device with shadowed ROM at [mem 0x000c0000-0x000dffff]
[    1.124248] Unpacking initramfs...

[    1.432316] Freeing initrd memory: 19216K
[    1.433269] clocksource: tsc: mask: 0xffffffffffffffff max_cycles: 0x252db57eb6b, max_idle_ns: 440795254259 ns
[    1.448626] platform rtc_cmos: registered platform RTC device (no PNP device found)
[    1.450299] Scanning for low memory corruption every 60 seconds
[    1.452301] Initialise system trusted keyrings
[    1.453391] Key type blacklist registered
[    1.454483] workingset: timestamp_bits=36 max_order=20 bucket_order=0
[    1.456841] zbud: loaded
[    1.458040] squashfs: version 4.0 (2009/01/31) Phillip Lougher
[    1.460811] fuse init (API version 7.26)
[    1.463771] Key type asymmetric registered
[    1.468628] Asymmetric key parser 'x509' registered
[    1.469752] Block layer SCSI generic (bsg) driver version 0.4 loaded (major 246)
[    1.471396] io scheduler noop registered
[    1.472224] io scheduler deadline registered
[    1.473125] io scheduler cfq registered (default)
[    1.474352] ACPI: AC Adapter [AC] (on-line)
[    1.475240] input: Power Button as /devices/LNXSYSTM:00/LNXPWRBN:00/input/input0
[    1.476834] ACPI: Power Button [PWRF]
[    1.477657] input: Sleep Button as /devices/LNXSYSTM:00/LNXSLPBN:00/input/input1
[    1.479133] ACPI: Sleep Button [SLPF]
[    1.487549] ACPI: Battery Slot [BAT0] (battery present)
[    1.488758] Serial: 8250/16550 driver, 32 ports, IRQ sharing enabled
[    1.512249] 00:02: ttyS0 at I/O 0x3f8 (irq = 4, base_baud = 115200) is a 16550A
[    1.574591] Linux agpgart interface v0.103
[    1.577334] loop: module loaded
[    1.579983] scsi host0: ata_piix
[    1.593331] scsi host1: ata_piix
[    1.594098] ata1: PATA max UDMA/33 cmd 0x1f0 ctl 0x3f6 bmdma 0xd000 irq 14
[    1.650598] ata2: PATA max UDMA/33 cmd 0x170 ctl 0x376 bmdma 0xd008 irq 15
[    1.663879] libphy: Fixed MDIO Bus: probed
[    1.670911] tun: Universal TUN/TAP device driver, 1.6
[    1.691386] PPP generic driver version 2.4.2
[    1.711391] ehci_hcd: USB 2.0 'Enhanced' Host Controller (EHCI) Driver
[    1.731680] ehci-pci: EHCI PCI platform driver
[    1.750125] ehci-platform: EHCI generic platform driver
[    1.786695] ohci_hcd: USB 1.1 'Open' Host Controller (OHCI) Driver
[    1.832084] ohci-pci: OHCI PCI platform driver
[    1.885203] ohci-platform: OHCI generic platform driver
[    2.091956] uhci_hcd: USB Universal Host Controller Interface driver
[    2.093402] i8042: PNP: PS/2 Controller [PNP0303:PS2K,PNP0f03:PS2M] at 0x60,0x64 irq 1,12
[    2.095692] serio: i8042 KBD port at 0x60,0x64 irq 1
[    2.097041] serio: i8042 AUX port at 0x60,0x64 irq 12
[    2.098489] mousedev: PS/2 mouse device common for all mice
[    2.099994] input: AT Translated Set 2 keyboard as /devices/platform/i8042/serio0/input/input2
[    2.110775] rtc_cmos rtc_cmos: rtc core: registered rtc_cmos as rtc0
[    2.127481] rtc_cmos rtc_cmos: alarms up to one day, 114 bytes nvram
[    2.128863] i2c /dev entries driver
[    2.129860] device-mapper: uevent: version 1.0.3
[    2.131031] device-mapper: ioctl: 4.37.0-ioctl (2017-09-20) initialised: dm-devel@redhat.com
[    2.139441] ledtrig-cpu: registered to indicate activity on CPUs
[    2.161240] NET: Registered protocol family 10
[    2.169187] Segment Routing with IPv6
[    2.171348] NET: Registered protocol family 17
[    2.176542] Key type dns_resolver registered
[    2.183347] mce: Using 0 MCE banks
[    2.189522] RAS: Correctable Errors collector initialized.
[    2.190776] sched_clock: Marking stable (2189447357, 0)->(3330150137, -1140702780)
[    2.198093] registered taskstats version 1
[    2.198775] Loading compiled-in X.509 certificates
[    2.227138] Loaded X.509 cert 'Build time autogenerated kernel key: 1ac9abf9980c816fb9cfffb58ec8b2f33f2baf04'
[    2.256802] zswap: loaded using pool lzo/zbud
[    2.261629] Key type big_key registered
[    2.262486] Key type trusted registered
[    2.265275] Key type encrypted registered
[    2.293810] AppArmor: AppArmor sha1 policy hashing enabled
[    2.295143] ima: No TPM chip found, activating TPM-bypass! (rc=-19)
[    2.314961] ima: Allocated hash algorithm: sha1
[    2.316450] evm: HMAC attrs: 0x1
[    2.317398]   Magic number: 12:422:103
[    2.318360] rtc_cmos rtc_cmos: setting system clock to 2020-11-03 01:06:18 UTC (1604365578)
[    2.326130] BIOS EDD facility v0.16 2004-Jun-25, 0 devices found
[    2.327397] EDD information not available.
[    2.342230] Freeing unused kernel image memory: 2436K
[    2.368147] Write protecting the kernel read-only data: 20480k
[    2.381007] Freeing unused kernel image memory: 2008K
[    2.394609] Freeing unused kernel image memory: 1872K
[    2.402827] x86/mm: Checked W+X mappings: passed, no W+X pages found.
[    2.404285] x86/mm: Checking user space page tables
[    2.427326] x86/mm: Checked W+X mappings: passed, no W+X pages found.
Loading, please wait...
starting version 237
[    2.538071] e1000: Intel(R) PRO/1000 Network Driver - version 7.3.21-k8-NAPI
[    2.538075] Fusion MPT base driver 3.04.20
[    2.539473] e1000: Copyright (c) 1999-2006 Intel Corporation.
[    2.540398] Copyright (c) 1999-2008 LSI Corporation
[    2.545685] Fusion MPT SPI Host driver 3.04.20
[    2.562429] AVX2 version of gcm_enc/dec engaged.
[    2.563514] AES CTR mode by8 optimization enabled
[    2.751688] input: ImExPS/2 Generic Explorer Mouse as /devices/platform/i8042/serio1/input/input4
[    2.938933] e1000 0000:00:03.0 eth0: (PCI:33MHz:32-bit) 02:f4:bf:d4:31:5d
[    2.943192] e1000 0000:00:03.0 eth0: Intel(R) PRO/1000 Network Connection
[    2.946310] mptbase: ioc0: Initiating bringup
[    2.948626] e1000 0000:00:03.0 enp0s3: renamed from eth0
[    3.040910] ioc0: LSI53C1030 A0: Capabilities={Initiator}
[    3.317980] scsi host2: ioc0: LSI53C1030 A0, FwRev=00000000h, Ports=1, MaxQ=256, IRQ=20
[    3.485695] scsi 2:0:0:0: Direct-Access     VBOX     HARDDISK         1.0  PQ: 0 ANSI: 5
[    3.528214] scsi target2:0:0: Beginning Domain Validation
[    3.553412] scsi target2:0:0: Domain Validation skipping write tests
[    3.556352] scsi target2:0:0: Ending Domain Validation
[    3.558347] scsi target2:0:0: asynchronous
[    3.560398] scsi 2:0:1:0: Direct-Access     VBOX     HARDDISK         1.0  PQ: 0 ANSI: 5
[    4.092611] scsi target2:0:1: Beginning Domain Validation
[    4.181686] random: fast init done
[    4.183016] scsi target2:0:1: Domain Validation skipping write tests
[    4.184572] scsi target2:0:1: Ending Domain Validation
[    4.185655] scsi target2:0:1: asynchronous
[    4.189591] random: systemd-udevd: uninitialized urandom read (16 bytes read)
[    4.191001] random: systemd-udevd: uninitialized urandom read (16 bytes read)
[    4.320485] sd 2:0:0:0: Attached scsi generic sg0 type 0
[    4.323739] random: systemd-udevd: uninitialized urandom read (16 bytes read)
[    4.337565] sd 2:0:1:0: Attached scsi generic sg1 type 0
[    4.339269] sd 2:0:0:0: [sda] 20971520 512-byte logical blocks: (10.7 GB/10.0 GiB)
[    4.360821] sd 2:0:0:0: [sda] Write Protect is off
[    4.360830] sd 2:0:1:0: [sdb] 20480 512-byte logical blocks: (10.5 MB/10.0 MiB)
[    4.368511] sd 2:0:1:0: [sdb] Write Protect is off
[    4.368578] sd 2:0:0:0: [sda] Incomplete mode parameter data
[    4.386789] sd 2:0:0:0: [sda] Assuming drive cache: write through
[    4.390809] sd 2:0:1:0: [sdb] Incomplete mode parameter data
[    4.391442]  sda: sda1
[    4.404728] sd 2:0:1:0: [sdb] Assuming drive cache: write through
[    4.423733] sd 2:0:0:0: [sda] Attached SCSI disk
[    4.430601] sd 2:0:1:0: [sdb] Attached SCSI disk
Begin: Loading essential drivers ... [    6.012095] raid6: sse2x1   gen()  8669 MB/s
[    6.060095] raid6: sse2x1   xor()  6385 MB/s
[    6.108099] raid6: sse2x2   gen() 10628 MB/s
[    6.156038] raid6: sse2x2   xor()  8186 MB/s
[    6.204067] raid6: sse2x4   gen() 12264 MB/s
[    6.256058] raid6: sse2x4   xor()  8300 MB/s
[    6.304028] raid6: avx2x1   gen() 18626 MB/s
[    6.360036] raid6: avx2x1   xor() 11992 MB/s
[    6.408121] raid6: avx2x2   gen() 21490 MB/s
[    6.460172] raid6: avx2x2   xor() 14296 MB/s
[    6.520121] raid6: avx2x4   gen() 25932 MB/s
[    6.572076] raid6: avx2x4   xor() 14899 MB/s
[    6.573028] raid6: using algorithm avx2x4 gen() 25932 MB/s
[    6.579675] raid6: .... xor() 14899 MB/s, rmw enabled
[    6.580787] raid6: using avx2x2 recovery algorithm
[    6.583290] xor: automatically using best checksumming function   avx       
[    6.586102] async_tx: api initialized (async)
done.
Begin: Running /scripts/init-premount ... done.
Begin: Mounting root file system ... Begin: Running /scripts/local-top ... done.
Begin: Running /scripts/local-premount ... [    6.639463] Btrfs loaded, crc32c=crc32c-intel
Scanning for Btrfs filesystems
done.
Warning: fsck not present, so skipping root file[    6.701575] EXT4-fs (sda1): mounted filesystem with ordered data mode. Opts: (null)
 system
done.
Begin: Running /scripts/local-bottom ... done.
Begin: Running /scripts/init-bottom ... done.
[    6.976649] ip_tables: (C) 2000-2006 Netfilter Core Team
[    6.994584] systemd[1]: systemd 237 running in system mode. (+PAM +AUDIT +SELINUX +IMA +APPARMOR +SMACK +SYSVINIT +UTMP +LIBCRYPTSETUP +GCRYPT +GNUTLS +ACL +XZ +LZ4 +SECCOMP +BLKID +ELFUTILS +KMOD -IDN2 +IDN -PCRE2 default-hierarchy=hybrid)
[    7.391245] systemd[1]: Detected virtualization oracle.
[    7.393535] systemd[1]: Detected architecture x86-64.

Welcome to [1mUbuntu 18.04.5 LTS[0m!

[    7.425274] systemd[1]: Set hostname to <ubuntu>.
[    7.431038] systemd[1]: Initializing machine ID from random generator.
[    7.504486] systemd[1]: Installed transient /etc/machine-id file.
[    7.910491] systemd[1]: Reached target System Time Synchronized.
[[0;32m  OK  [0m] Reached target System Time Synchronized.
[    8.213419] systemd[1]: Set up automount Arbitrary Executable File Formats File System Automount Point.
[[0;32m  OK  [0m] Set up automount Arbitrary Executabâ€¦rmats File System Automount Point.
[    8.222488] systemd[1]: Started Forward Password Requests to Wall Directory Watch.
[[0;32m  OK  [0m] Started Forward Password Requests to Wall Directory Watch.
[    8.225447] systemd[1]: Reached target User and Group Name Lookups.
[[0;32m  OK  [0m] Reached target User and Group Name Lookups.
[[0;32m  OK  [0m] Created slice System Slice.
[[0;32m  OK  [0m] Listening on /dev/initctl Compatibility Named Pipe.
[[0;32m  OK  [0m] Listening on Journal Audit Socket.
[[0;32m  OK  [0m] Listening on Syslog Socket.
[[0;32m  OK  [0m] Listening on LVM2 metadata daemon socket.
[[0;32m  OK  [0m] Created slice system-serial\x2dgetty.slice.
[[0;32m  OK  [0m] Listening on Journal Socket.
         Starting Set the console keyboard layout...
[[0;32m  OK  [0m] Listening on Journal Socket (/dev/log).
[[0;32m  OK  [0m] Listening on LVM2 poll daemon socket.
         Starting Journal Service...
[[0;32m  OK  [0m] Listening on udev Kernel Socket.
[[0;32m  OK  [0m] Listening on udev Control Socket.
[[0;32m  OK  [0m] Listening on Device-mapper event daemon FIFOs.
         Starting Monitoring of LVM2 mirrorsâ€¦ng dmeventd or progress polling...
         Mounting POSIX Message Queue File System...
         Starting Create list of required stâ€¦ce nodes for the current kernel...
[[0;32m  OK  [0m] Listening on Network Service Netlink Socket.
         Starting Remount Root a[    8.617849] EXT4-fs (sda1): re-mounted. Opts: (null)
nd Kernel File Systems...
         Starting udev Coldplug all Devices...
         Mounting Kernel Debug File System...
[[0;32m  OK  [0m] Reached target Swap.
         Starting Load Kernel Modules...
         Starting Uncomplicated firewall...
         Mounting Huge Pages File System...
[[0;32m  OK  [0m] Created slice User and Session Slice.
[[0;32m  OK  [[    8.727550] Loading iSCSI transport class v2.0-870.
0m] Reached target Slices.
[[0;32m  OK  [0m] Started Journal Service.
[[0;32m  OK  [0m] Started Set the console keyboard layout.
[[0;32m  OK  [0m] Mounted POSIX Message Queue File System.
[    8.838770] iscsi: registered transport (tcp)
[[0;32m  OK  [0m] Started Create list of requi[    8.861353] iscsi: registered transport (iser)
red staâ€¦vice nodes for the current kernel.
[[0;32m  OK  [0m] Started Remount Root and Kernel File Systems.
[[0;32m  OK  [0m] Mounted Kernel Debug File System.
[[0;32m  OK  [0m] Started Load Kernel Modules.
[[0;32m  OK  [0m] Started Uncomplicated firewall.
[[0;32m  OK  [0m] Mounted Huge Pages File System.
[[0;32m  OK  [0m] Started LVM2 metadata daemon.
         Mounting FUSE Control File System...
         Starting Apply Kernel Variables...
         Mounting Kernel Configuration File System...
         Starting Load/Save Random Seed...
         Starting Create Static Device Nodes in /dev...
         Starting Flush Journal to Persistent Storage...
[[0;32m  OK  [0m] Started udev Coldplug all Devices.
[[0;32m  OK  [0m] Mounted FUSE Control File System.
[[0;32m  OK  [0m] Mounted Kernel Configuration File System.
[[0;32m  OK  [0m] Started Load/Save Random Seed.
[[0;32m  OK  [0m] Started Create Static Device Nodes in /dev.
         Starting udev Kernel Device Manager...
[[0;32m  OK  [0m] Started Apply Kernel Variables.
[[0;32m  OK  [0m] Started Monitoring of LVM2 mirrors,â€¦sing dmeventd or progress polling.
[[0;32m  OK  [0m] Reached target Local File Systems (Pre).
[[0;32m  OK  [0m] Reached target Local File Systems.
         Starting Set console font and keymap...
         Starting ebtables ruleset management...
         Starting AppArmor initialization...
         Starting Commit a transient machine-id on disk...
         Starting Tell Plymouth To Write Out Runtime Data...
[[0;32m  OK  [0m] Started udev Kernel Device Manager.
[[0;32m  OK  [0m] Started Set console font and keymap.
[[0;32m  OK  [0m] Started Tell Plymouth To Write Out Runtime Data.
[[0;32m  OK  [0m] Started Dispatch Password Requests to Console Directory Watch.
[[0;32m  OK  [0m] Reached target Local Encrypted Volumes.
[[0;32m  OK  [0m] Started Commit a transient machine-id on disk.
[[0;32m  OK  [0m] Started Flush Journal to Persistent Storage.
         Starting Create Volatile Files and Directories...
[[0;32m  OK  [0m] Started ebtables ruleset management.
[[0;32m  OK  [0m] Started Create Volatile Files and Directories.
         Starting Update UTMP about System Boot/Shutdown...
[[0;32m  OK  [0m] Started Update UTMP about System Boot/Shutdown.
[[0;32m  OK  [0m] Found device /dev/ttyS0.
[[0;32m  OK  [0m] Listening on Load/Save RF Kill Switch Status /dev/rfkill Watch.
[[0;32m  OK  [0m] Started AppArmor initialization.
         Starting Load AppArmor profiles managed internally by snapd...
         Starting Initial cloud-init job (pre-networking)...
[[0;32m  OK  [0m] Started Load AppArmor profiles managed internally by snapd.
[   12.118461] cloud-init[578]: Cloud-init v. 20.3-2-g371b392c-0ubuntu1~18.04.1 running 'init-local' at Tue, 03 Nov 2020 01:06:27 +0000. Up 11.62 seconds.
[[0;32m  OK  [0m] Started Initial cloud-init job (pre-networking).
[[0;32m  OK  [0m] Reached target Network (Pre).
         Starting Network Service...
[[0;32m  OK  [0m] Started Network Service.
         Starting Network Name Resolution...
         Starting Wait for Network to be Configured...
[[0;32m  OK  [0m] Started Network Name Resolution.
[[0;32m  OK  [0m] Reached target Host and Network Name Lookups.
[[0;32m  OK  [0m] Reached target Network.
[[0;32m  OK  [0m] Started Wait for Network to be Configured.
         Starting Initial cloud-init job (metadata service crawler)...
[   14.157844] cloud-init[673]: Cloud-init v. 20.3-2-g371b392c-0ubuntu1~18.04.1 running 'init' at Tue, 03 Nov 2020 01:06:30 +0000. Up 13.96 seconds.
[   14.161682] cloud-init[673]: ci-info: ++++++++++++++++++++++++++++++++++++++Net device info++++++++++++++++++++++++++++++++++++++
[   14.163497] cloud-init[673]: ci-info: +--------+------+----------------------------+---------------+--------+-------------------+
[   14.165112] cloud-init[673]: ci-info: | Device |  Up  |          Address           |      Mask     | Scope  |     Hw-Address    |
[   14.166888] cloud-init[673]: ci-info: +--------+------+----------------------------+---------------+--------+-------------------+
[   14.168880] cloud-init[673]: ci-info: | enp0s3 | True |         10.0.2.15          | 255.255.255.0 | global | 02:f4:bf:d4:31:5d |
[   14.170553] cloud-init[673]: ci-info: | enp0s3 | True | fe80::f4:bfff:fed4:315d/64 |       .       |  link  | 02:f4:bf:d4:31:5d |
[   14.180355] cloud-init[673]: ci-info: |   lo   | True |         127.0.0.1          |   255.0.0.0   |  host  |         .         |
[   14.182568] cloud-init[673]: ci-info: |   lo   | True |          ::1/128           |       .       |  host  |         .         |
[   14.184650] cloud-init[673]: ci-info: +--------+------+----------------------------+---------------+--------+-------------------+
[   14.186325] cloud-init[673]: ci-info: ++++++++++++++++++++++++++++Route IPv4 info+++++++++++++++++++++++++++++
[   14.187742] cloud-init[673]: ci-info: +-------+-------------+----------+-----------------+-----------+-------+
[   14.193944] cloud-init[673]: ci-info: | Route | Destination | Gateway  |     Genmask     | Interface | Flags |
[   14.242054] cloud-init[673]: ci-info: +-------+-------------+----------+-----------------+-----------+-------+
[   14.244174] cloud-init[673]: ci-info: |   0   |   0.0.0.0   | 10.0.2.2 |     0.0.0.0     |   enp0s3  |   UG  |
[   14.280277] cloud-init[673]: ci-info: |   1   |   10.0.2.0  | 0.0.0.0  |  255.255.255.0  |   enp0s3  |   U   |
[   14.305322] cloud-init[673]: ci-info: |   2   |   10.0.2.2  | 0.0.0.0  | 255.255.255.255 |   enp0s3  |   UH  |
[   14.307116] cloud-init[673]: ci-info: +-------+-------------+----------+-----------------+-----------+-------+
[   14.308825] cloud-init[673]: ci-info: +++++++++++++++++++Route IPv6 info+++++++++++++++++++
[   14.310199] cloud-init[673]: ci-info: +-------+-------------+---------+-----------+-------+
[   14.329649] cloud-init[673]: ci-info: | Route | Destination | Gateway | Interface | Flags |
[   14.337296] cloud-init[673]: ci-info: +-------+-------------+---------+-----------+-------+
[   14.361297] cloud-init[673]: ci-info: |   1   |  fe80::/64  |    ::   |   enp0s3  |   U   |
[   14.437144] cloud-init[673]: ci-info: |   3   |    local    |    ::   |   enp0s3  |   U   |
[   14.472283] cloud-init[673]: ci-info: |   4   |   ff00::/8  |    ::   |   enp0s3  |   U   |
[   14.477287] cloud-init[673]: ci-info: +-------+-------------+---------+-----------+-------+
[   15.222621] cloud-init[673]: Generating public/private rsa key pair.
[   15.261714] cloud-init[673]: Your identification has been saved in /etc/ssh/ssh_host_rsa_key.
[   15.263472] cloud-init[673]: Your public key has been saved in /etc/ssh/ssh_host_rsa_key.pub.
[   15.265263] cloud-init[673]: The key fingerprint is:
[   15.270873] cloud-init[673]: SHA256:b9cFR2gQ9GKmNUfsV4UBxr26cnpJGXS46D8N5hMCW3M root@ubuntu-bionic
[   15.272684] cloud-init[673]: The key's randomart image is:
[   15.274011] cloud-init[673]: +---[RSA 2048]----+
[   15.275109] cloud-init[673]: |           o*Bo++|
[   15.276125] cloud-init[673]: |           .+oB..|
[   15.277184] cloud-init[673]: |           o*=+.o|
[   15.278261] cloud-init[673]: |        . +=E+oo.|
[   15.282210] cloud-init[673]: |        S=.o + ..|
[   15.299543] cloud-init[673]: |        ..o B. . |
[   15.314406] cloud-init[673]: |          o*.*.  |
[   15.322070] cloud-init[673]: |         ...X .  |
[   15.325054] cloud-init[[0;32m  OK  [0m] Started Initial cloud-init job (metadata service crawler).
[[0;32m  OK  [0m] Reached target Cloud-config availability.
[[0;32m  OK  [0m] Reached target System Initialization.
[673]: |          .= o   |
         Starting LXD - unix socket.
[   15.389080] cloud-init[673]: +----[SHA256]-----+
[   15.391796] cloud-init[673]: Generating public/private dsa key pair.
[   15.393316] cloud-init[673]: Your identification has been saved in /etc/ssh/ssh_host_dsa_key.
         [   15.415575] cloud-init[673]: Your public key has been saved in /etc/ssh/ssh_host_dsa_key.pub.
[   15.418166] cloud-init[673]: The key fingerprint is:
[   15.419102] cloud-init[673]: SHA256:B5ZNzsUBms/qmyP3xlqVmBmegDgQnIvq8ujTVLaNjJk root@ubuntu-bionic
Starting Socket activation for snappy daemon.
[   15.419250] cloud-init[673]: The key's randomart image is:
[[   15.446026] cloud-init[673]: +---[DSA 1024]----+
[   15.446225] cloud-init[673]: | .oo      ooo.   |
[0;32m  OK  [0m] Started Message of the Day.
[   15.446418] cloud-init[673]: |  o. . . O ..    |
[[0;32m  OK  [0m] Listening on ACPID Listen Socket.
[   15.479454] cloud-init[673]: | . .o . B =      |
[[   15.544820] cloud-init[673]: |. .  + . * * .   |
[   15.545092] cloud-init[673]: |.   B + S X o    |
[0;32m  OK  [0m] Started ACPI Events Check.
[[   15.545292] cloud-init[673]: |.  E + . o .     |
[   15.600165] cloud-init[673]: |. o     ...      |
[   15.600526] cloud-init[673]: |.+ .  ..ooo      |
[0;32m  OK  [0m] Reached target Paths.
[   15.601224] cloud-init[673]: |+oo    o=*.      |
[[0;32m  OK  [0m[   15.631452] cloud-init[673]: +----[SHA256]-----+
[   15.633111] cloud-init[673]: Generating public/private ecdsa key pair.
] Started Daily Cleanup of Temporary Directories.
[   15.634477] cloud-init[673]: Your identification has been saved in /etc/ssh/ssh_host_ecdsa_key.
[   15.707078] cloud-init[673]: Your public key has been saved in /etc/ssh/ssh_host_ecdsa_key.pub.
[[0;32m  OK  [0m] Started Daily apt download activities.
[   15.708248] cloud-init[673]: The key fingerprint is:
[[   15.733916] cloud-init[673]: SHA256:c+pTjCWocNM5a0rW6QJWRXCkfNgShWhjAxa12zvX/9I root@ubuntu-bionic
[   15.734255] cloud-init[673]: The key's randomart image is:
[0;32m  OK  [0m] Started Daily apt upgrade and clean activities.
[   15.735094] [[0;32m  OK  [0m] Listening on D-Bus System Message Bus Socket.
[[0;32m  OK  [0m] Listening on Open-iSCSI iscsid Socket.
[[0;32m  OK  [0m] Started Discard unused blocks once a week.
[[0;32m  OK  [0m] Reached target Timers.
[[0;32m  OK  [0m] Listening on UUID daemon activation socket.
[[0;32m  OK  [0m] Reached target Network is Online.
cloud-init[673]: +---[ECDSA 256]---+
[   16.060992] cloud-init[673]: |.+ooo*=          |
[   16.076239] cloud-init[673]: [[0;32m  OK  [0m] Reached target Remote File Systems (Pre).
[[0;32m  OK  [0m] Reached target Remote File Systems.
|. *.o*.          |
         Starting Availability of block devices...
[[0;32m  OK  [0m] Listening on LXD - unix socket.
[   16.138521] cloud-init[673]: | o +=ooo         |
[   16.154491] cloud-init[673]: |  . *o= . .      |
[[0;32m  OK  [0m] Listening on Socket activation for snappy daemon.
[[   16.158094] cloud-init[673]: |   = = +S=.      |
[   16.169339] cloud-init[673]: |  o + * o+o      |
[   16.169566] cloud-init[673]: | . + * ..o  .    |
[   16.170227] cloud-init[673]: |    o +.. .. E   |
[   16.170706] cloud-init[673]: |     .  .. .o.   |
[0;32m  OK  [0m] Started Availability of block devices.
[   16.170945] cloud-init[673]: +----[SHA256]-----+
[[0;32m  OK  [0m[   16.244489] cloud-init[673]: Generating public/private ed25519 key pair.
[   16.245443] cloud-init[673]: Your identification has been saved in /etc/ssh/ssh_host_ed25519_key.
[   16.245948] cloud-init[673]: Your public key has been saved in /etc/ssh/ssh_host_ed25519_key.pub.
[   16.246752] cloud-init[673]: The key fingerprint is:
[   16.247421] cloud-init[673]: SHA256:JWUDIehHde8OE5wDXhb6OViCawsJA0MmjFHlrfH7Sc8 root@ubuntu-bionic
[   16.247948] cloud-init[673]: The key's randomart image is:
[   16.248468] cloud-init[673]: +--[ED25519 256]--+
[   16.249055] cloud-init[673]: |O=......=oO.     |
] Reached target Sockets.
[   16.249685] cloud-init[673]: |++ ....+ X +     |
[   16.302078] cloud-init[673]: |  o.o.o = B .    |
[   16.303286] cloud-init[673]: |   o.=.. B =     |
[[0;32m  OK  [0m] Reached target Basic System.
[   16.304705] cloud-init[673]: |    +.+ S * .    |
         [   16.432754] cloud-init[673]: |     o o   =     |
[   16.433370] cloud-init[673]: |      o .   .    |
[   16.433671] cloud-init[673]: |       o +       |
[   16.434528] cloud-init[673]: |        o E      |
[   16.434948] cloud-init[673]: +----[SHA256]-----+
Starting Dispatcher daemon for systemd-networkd...
[[0;32m  OK  [0m] Started irqbalance daemon.
         Starting Pollinate to seed the pseudo random number generator...
[[0;32m  OK  [0m] Started Regular background program processing daemon.
         Starting Virtualbox guest utils...
         Starting Login Service...
[[0;32m  OK  [0m] Started FUSE filesystem for LXC.
[[0;32m  OK  [0m] Started Deferred execution scheduler.
[[0;32m  OK  [0m] Started D-Bus System Message Bus.
         Starting Permit User Sessions...
         Starting Accounts Service...
         Starting LSB: automatic crash report generation...
         Starting LSB: Record successful boot for GRUB...
         Starting System Logging Service...
         Starting Snap Daemon...
         Starting LXD - container startup/shutdown...
[[0;32m  OK  [0m] Started Dispatcher daemon for systemd-networkd.
[[0;32m  OK  [0m] Started System Logging Service.
[[0;32m  OK  [0m] Started Permit User Sessions.
[[0;32m  OK  [0m] Started Login Service.
         Starting Authorization Manager...
[[0;32m  OK  [0m] Started Unattended Upgrades Shutdown.
         Starting Hold until boot process finishes up...
         Starting Terminate Plymouth Boot Screen...
[[0;32m  OK  [0m] Started Hold until boot process finishes up.
         Starting Set console scheme...
[[0;32m  OK  [0m] Started Serial Getty on ttyS0.
[[0;32m  OK  [0m] Started Terminate Plymouth Boot Screen.
[[0;32m  OK  [0m] Started LSB: automatic crash report generation.
[[0;32m  OK  [0m] Started LSB: Record successful boot for GRUB.
[[0;32m  OK  [0m] Started Set console scheme.
[[0;32m  OK  [0m] Started Authorization Manager.
[[0;32m  OK  [0m] Started Accounts Service.
[[0;32m  OK  [0m] Created slice system-getty.slice.
[[0;32m  OK  [0m] Started Getty on tty1.
[[0;32m  OK  [0m] Reached target Login Prompts.
[[0;32m  OK  [0m] Started LXD - container startup/shutdown.
[[0;32m  OK  [0m] Started Virtualbox guest utils.
[[0;32m  OK  [0m] Started Snap Daemon.
         Starting Wait until snapd is fully seeded...
[[0;32m  OK  [0m] Started Pollinate to seed the pseudo random number generator.
         Starting OpenBSD Secure Shell server...
[[0;32m  OK  [0m] Started OpenBSD Secure Shell server.
[[0;32m  OK  [0m] Created slice User Slice of vagrant.
         Starting User Manager for UID 1000...
[[0;32m  OK  [0m] Started Session 1 of user vagrant.
[[0;32m  OK  [0m] Started User Manager for UID 1000.

Ubuntu 18.04.5 LTS ubuntu-bionic ttyS0

ubuntu-bionic login: [   23.843790] cloud-init[1500]: Cloud-init v. 20.3-2-g371b392c-0ubuntu1~18.04.1 running 'modules:config' at Tue, 03 Nov 2020 01:06:39 +0000. Up 23.03 seconds.
ci-info: no authorized SSH keys fingerprints found for user ubuntu.
<14>Nov  3 01:06:40 ec2: 
<14>Nov  3 01:06:40 ec2: #############################################################
<14>Nov  3 01:06:40 ec2: -----BEGIN SSH HOST KEY FINGERPRINTS-----
<14>Nov  3 01:06:40 ec2: 1024 SHA256:B5ZNzsUBms/qmyP3xlqVmBmegDgQnIvq8ujTVLaNjJk root@ubuntu-bionic (DSA)
<14>Nov  3 01:06:40 ec2: 256 SHA256:c+pTjCWocNM5a0rW6QJWRXCkfNgShWhjAxa12zvX/9I root@ubuntu-bionic (ECDSA)
<14>Nov  3 01:06:40 ec2: 256 SHA256:JWUDIehHde8OE5wDXhb6OViCawsJA0MmjFHlrfH7Sc8 root@ubuntu-bionic (ED25519)
<14>Nov  3 01:06:40 ec2: 2048 SHA256:b9cFR2gQ9GKmNUfsV4UBxr26cnpJGXS46D8N5hMCW3M root@ubuntu-bionic (RSA)
<14>Nov  3 01:06:40 ec2: -----END SSH HOST KEY FINGERPRINTS-----
<14>Nov  3 01:06:40 ec2: #############################################################
-----BEGIN SSH HOST KEY KEYS-----
ecdsa-sha2-nistp256 AAAAE2VjZHNhLXNoYTItbmlzdHAyNTYAAAAIbmlzdHAyNTYAAABBBKdgHpiiX+dRfqtVuDA/vp9bhvX1VBFNt7e+zNltanU3YKx4met0ATUsTyKbObuTo7tUPFAdtWu8N/Q+x+rGaP8= root@ubuntu-bionic
ssh-ed25519 AAAAC3NzaC1lZDI1NTE5AAAAIH8EjP1f8WllrSzSLYD1cINNwWbUWqnfLINjERNfH9+S root@ubuntu-bionic
ssh-rsa AAAAB3NzaC1yc2EAAAADAQABAAABAQCxM8cqfjTmx1QkCzuY8acSTq35wXY5TvxgwpwqZu8FXoWIKa0xTYO7MKEU6Jyxjb9ZPicWytRSkUPk4/y3Sd8yBjJv8d5R06Pi1yR7LJjnPBoMwqx/U4hwQkeJt36yc3cZvBzZwqV0LYfoZQiZoeL1m9aPASTQtDhVFwyhEGMsmmLyhefImu+b1mTid8Wjb9pXLQ6BJJxsoxjpqW1B253kIFgH9yiMXmTvn2O3XQYRWZjpVBL67EKf6QjGA03Vs+nJ1+7e+Afm7YdMKOI+9zoAvh3zjvAW3uj5LJmfSbDaSY7QdOeO/o2XagtzyH6IyjAr1ldu/2HLWEkmHZW89wj3 root@ubuntu-bionic
-----END SSH HOST KEY KEYS-----
[   24.701099] cloud-init[1669]: Cloud-init v. 20.3-2-g371b392c-0ubuntu1~18.04.1 running 'modules:final' at Tue, 03 Nov 2020 01:06:40 +0000. Up 24.51 seconds.
[   24.701194] cloud-init[1669]: ci-info: no authorized SSH keys fingerprints found for user ubuntu.
[   24.701261] cloud-init[1669]: Cloud-init v. 20.3-2-g371b392c-0ubuntu1~18.04.1 finished at Tue, 03 Nov 2020 01:06:40 +0000. Datasource DataSourceNoCloud [seed=/dev/sdb][dsmode=net].  Up 24.69 seconds
